------------------------------------------------------------
Timing Analyzer Summary
------------------------------------------------------------

Type  : Slow 1200mV 85C Model Setup 'digital_clock_top:inst6|clk_state'
Slack : -5.201
TNS   : -8.313

Type  : Slow 1200mV 85C Model Setup 'clk'
Slack : -4.338
TNS   : -136.726

Type  : Slow 1200mV 85C Model Setup 'digital_clocksec:inst8|clk_state'
Slack : -2.557
TNS   : -12.288

Type  : Slow 1200mV 85C Model Setup 'led:inst|count[0]'
Slack : -1.622
TNS   : -5.648

Type  : Slow 1200mV 85C Model Hold 'led:inst|count[0]'
Slack : 0.359
TNS   : 0.000

Type  : Slow 1200mV 85C Model Hold 'digital_clock_top:inst6|clk_state'
Slack : 0.363
TNS   : 0.000

Type  : Slow 1200mV 85C Model Hold 'clk'
Slack : 0.471
TNS   : 0.000

Type  : Slow 1200mV 85C Model Hold 'digital_clocksec:inst8|clk_state'
Slack : 0.634
TNS   : 0.000

Type  : Slow 1200mV 85C Model Recovery 'digital_clock_top:inst6|clk_state'
Slack : -6.262
TNS   : -36.877

Type  : Slow 1200mV 85C Model Removal 'digital_clock_top:inst6|clk_state'
Slack : 0.328
TNS   : 0.000

Type  : Slow 1200mV 85C Model Minimum Pulse Width 'clk'
Slack : -3.000
TNS   : -65.454

Type  : Slow 1200mV 85C Model Minimum Pulse Width 'digital_clock_top:inst6|clk_state'
Slack : -1.487
TNS   : -11.896

Type  : Slow 1200mV 85C Model Minimum Pulse Width 'digital_clocksec:inst8|clk_state'
Slack : -1.487
TNS   : -8.922

Type  : Slow 1200mV 85C Model Minimum Pulse Width 'led:inst|count[0]'
Slack : 0.416
TNS   : 0.000

Type  : Slow 1200mV 0C Model Setup 'digital_clock_top:inst6|clk_state'
Slack : -4.929
TNS   : -7.773

Type  : Slow 1200mV 0C Model Setup 'clk'
Slack : -4.113
TNS   : -125.780

Type  : Slow 1200mV 0C Model Setup 'digital_clocksec:inst8|clk_state'
Slack : -2.277
TNS   : -10.920

Type  : Slow 1200mV 0C Model Setup 'led:inst|count[0]'
Slack : -1.774
TNS   : -6.304

Type  : Slow 1200mV 0C Model Hold 'digital_clock_top:inst6|clk_state'
Slack : 0.324
TNS   : 0.000

Type  : Slow 1200mV 0C Model Hold 'led:inst|count[0]'
Slack : 0.342
TNS   : 0.000

Type  : Slow 1200mV 0C Model Hold 'clk'
Slack : 0.446
TNS   : 0.000

Type  : Slow 1200mV 0C Model Hold 'digital_clocksec:inst8|clk_state'
Slack : 0.616
TNS   : 0.000

Type  : Slow 1200mV 0C Model Recovery 'digital_clock_top:inst6|clk_state'
Slack : -5.693
TNS   : -33.548

Type  : Slow 1200mV 0C Model Removal 'digital_clock_top:inst6|clk_state'
Slack : 0.296
TNS   : 0.000

Type  : Slow 1200mV 0C Model Minimum Pulse Width 'clk'
Slack : -3.000
TNS   : -65.454

Type  : Slow 1200mV 0C Model Minimum Pulse Width 'digital_clock_top:inst6|clk_state'
Slack : -1.487
TNS   : -11.896

Type  : Slow 1200mV 0C Model Minimum Pulse Width 'digital_clocksec:inst8|clk_state'
Slack : -1.487
TNS   : -8.922

Type  : Slow 1200mV 0C Model Minimum Pulse Width 'led:inst|count[0]'
Slack : 0.290
TNS   : 0.000

Type  : Fast 1200mV 0C Model Setup 'digital_clock_top:inst6|clk_state'
Slack : -1.654
TNS   : -1.720

Type  : Fast 1200mV 0C Model Setup 'clk'
Slack : -1.036
TNS   : -25.860

Type  : Fast 1200mV 0C Model Setup 'digital_clocksec:inst8|clk_state'
Slack : -0.772
TNS   : -2.672

Type  : Fast 1200mV 0C Model Setup 'led:inst|count[0]'
Slack : -0.162
TNS   : -0.298

Type  : Fast 1200mV 0C Model Hold 'digital_clocksec:inst8|clk_state'
Slack : 0.106
TNS   : 0.000

Type  : Fast 1200mV 0C Model Hold 'digital_clock_top:inst6|clk_state'
Slack : 0.151
TNS   : 0.000

Type  : Fast 1200mV 0C Model Hold 'clk'
Slack : 0.169
TNS   : 0.000

Type  : Fast 1200mV 0C Model Hold 'led:inst|count[0]'
Slack : 0.278
TNS   : 0.000

Type  : Fast 1200mV 0C Model Recovery 'digital_clock_top:inst6|clk_state'
Slack : -2.136
TNS   : -11.766

Type  : Fast 1200mV 0C Model Removal 'digital_clock_top:inst6|clk_state'
Slack : -0.036
TNS   : -0.108

Type  : Fast 1200mV 0C Model Minimum Pulse Width 'clk'
Slack : -3.000
TNS   : -52.226

Type  : Fast 1200mV 0C Model Minimum Pulse Width 'digital_clock_top:inst6|clk_state'
Slack : -1.000
TNS   : -8.000

Type  : Fast 1200mV 0C Model Minimum Pulse Width 'digital_clocksec:inst8|clk_state'
Slack : -1.000
TNS   : -6.000

Type  : Fast 1200mV 0C Model Minimum Pulse Width 'led:inst|count[0]'
Slack : 0.373
TNS   : 0.000

------------------------------------------------------------
